计算结果：
平方根：44.710177812216315
平方：3996001.0
